// Jest Snapshot v1, https://goo.gl/fbAQLP

exports[`Validator required fields field does not exist and was required so explotion and error thrown 1`] = `"age needs to be here. What are you doing. Serously."`;
